// Jest Snapshot v1, https://goo.gl/fbAQLP

exports[`Rockets component should render Rockets component 1`] = `
<Styled(div)>
  <ForwardRef(Typography)
    gutterBottom={true}
    textAlign="center"
    variant="h4"
  >
    Rockets
  </ForwardRef(Typography)>
  <ForwardRef(Grid)
    container={true}
    gap="20px"
    justifyContent="center"
  >
    <RocketCard
      description="The Falcon 1 was an expendable launch system privately developed and manufactured by SpaceX during 2006-2009. On 28 September 2008, Falcon 1 became the first privately-developed liquid-fuel launch vehicle to go into orbit around the Earth."
      id="falcon1"
      key="falcon1"
      name="Falcon 1"
      wikipedia="https://en.wikipedia.org/wiki/Falcon_1"
    />
  </ForwardRef(Grid)>
</Styled(div)>
`;
